[livespot360.com/index.html]
[backblue.gif]
[fade.gif]
[index.html]
[livespot360.com/wp-content/themes/livespot/apple-touch-icon.png]
[livespot360.com/wp-content/themes/livespot/favicon-32x32.png]
[livespot360.com/wp-content/themes/livespot/favicon-16x16.png]
[livespot360.com/wp-content/themes/livespot/favicon.ico]
[livespot360.com/wp-content/themes/livespot/cover.png]
[livespot360.com/wp-json/wp/v2/pages/9.json]
[livespot360.com/wp-json/index.html]
[livespot360.com/xmlrpc0db0.php]
[livespot360.com/wp-json/oembed/1.0/embed014a.json]
[livespot360.com/wp-json/oembed/1.0/embed3914]
[livespot360.com/wp-content/uploads/2023/11/livespot-1-14.jpg]
[livespot360.com/wp-content/uploads/2023/11/livespot-2-9.jpg]
[livespot360.com/wp-content/uploads/2023/11/livespot-3-5.jpg]
[livespot360.com/wp-content/uploads/2023/11/livespot-4-5.jpg]
[livespot360.com/wp-content/uploads/2023/11/livespot-5-3.jpg]
[livespot360.com/wp-content/uploads/2023/11/livespot-6-1.jpg]
[livespot360.com/wp-content/uploads/2023/11/livespot-7-1.jpg]
[livespot360.com/wp-content/uploads/2023/11/livespot-8.jpg]
[livespot360.com/wp-content/uploads/2023/11/livespot-9.jpg]
[livespot360.com/wp-content/uploads/2024/05/livespot-home-1.mp4]
[livespot360.com/wp-content/uploads/2024/01/livespot-home-2.mp4]
[livespot360.com/wp-content/uploads/2024/03/livespot-home-1.jpg]
[livespot360.com/wp-content/uploads/2024/03/livespot-home-who-we-are-1.png]
[livespot360.com/wp-content/uploads/2024/04/livespot-home-who-we-are-3-copy.png]
[livespot360.com/nation/index.html]
[livespot360.com/wp-content/uploads/2024/03/livespot-home-who-we-are-4.png]
[livespot360.com/connect/index.html]
[livespot360.com/wp-content/uploads/2024/03/livespot-home-who-we-are-2-.png]
[livespot360.com/states/index.html]
[livespot360.com/projects/index.html]
[livespot360.com/wp-content/uploads/2024/03/livespot-lagos-state-government.png]
[livespot360.com/wp-content/uploads/2024/03/livespot-td-africa.png]
[livespot360.com/wp-content/uploads/2024/03/livespot-gtco-fshn-wknd.png]
[livespot360.com/team/index.html]
[livespot360.com/wp-content/uploads/2024/03/livespot-nnpc.png]
[livespot360.com/wp-content/uploads/2024/03/livespot-federal-government-nigeria.png]
[livespot360.com/wp-content/uploads/2024/03/livespot-stanbic-ibtc.png]
[livespot360.com/blog/index.html]
[livespot360.com/careers/index.html]
[livespot360.com/wp-content/uploads/2023/11/livespot-last-one-laughing-naija-lol.jpg]
[livespot360.com/wp-content/uploads/2023/11/livespot-last-one-laughing-naija-lol-featured-works.mp4]
[livespot360.com/wp-content/uploads/2023/11/livespot-the-real-housewives-of-lagos-rhol-min-scaled.jpg]
[livespot360.com/wp-content/uploads/2023/11/livespot-the-real-housewives-of-lagos-rhol-s2-2mins-highlight-2.mp4]
[livespot360.com/wp-content/uploads/2023/11/livespot-last-one-laughing-naija-ewl.png]
[livespot360.com/projects/the-real-housewives-of-lagos-season-1/index.html]
[livespot360.com/projects/last-one-laughing/index.html]
[livespot360.com/wp-content/uploads/2023/11/livespot-entertainment-week-lagos-img-8189.qt]
[livespot360.com/wp-content/uploads/2024/04/livespot-fuze-talent-show-fuze-cover.jpg]
[livespot360.com/projects/entertainment-week-lagos/index.html]
[livespot360.com/wp-content/uploads/2024/04/livespot-fuze-talent-hunt-fuze-talent-show-featured-works.mp4]
[livespot360.com/wp-content/uploads/2023/11/livespot-3.png]
[livespot360.com/wp-content/uploads/2023/11/livespot-1.png]
[livespot360.com/wp-content/uploads/2023/11/livespot-2.png]
[livespot360.com/wp-content/uploads/2023/11/livespot-4.png]
[livespot360.com/wp-content/uploads/2023/11/livespot-5.png]
[livespot360.com/projects/fuze-talent-hunt/index.html]
[livespot360.com/wp-content/uploads/2025/02/livespot-home-awards-lspeccb.jpg]
[livespot360.com/wp-content/uploads/2024/05/livespot-home-1eccb.jpg]
[livespot360.com/wp-content/uploads/2024/05/livespot-home-2eccb.jpg]
[livespot360.com/wp-content/uploads/2024/05/livespot-home-3eccb.jpg]
[livespot360.com/wp-content/uploads/2024/05/livespot-home-4eccb.jpg]
[livespot360.com/wp-content/uploads/2024/05/livespot-home-5eccb.jpg]
[livespot360.com/wp-content/uploads/2024/05/livespot-home-1.jpg]
[livespot360.com/wp-content/uploads/2024/03/livespot-1.jpg]
[livespot360.com/wp-content/uploads/2024/03/livespot-home-shutterstock-2288812411-1-2-scaled.jpg]
[livespot360.com/index.html]
[livespot360.com/wp-content/uploads/2024/02/livespot-livespot-production-livespot360-02930-photo-realisitic-cinematic-production-set-new-ba29271e-3c66-43bf-9f47-9e50244a6027-scal]
[livespot360.com/blog/livespot-production/index.html]
[livespot360.com/blog/advocating-excellence-in-nigeria-s-entertainment-scene-entertainment-week-lagos-unveils-plans-for-second-edition/index.html]
[livespot360.com/wp-content/uploads/2024/02/livespot-advocating-excellence-in-nigerias-entertainment-scene-entertainment-week-lagos-unveils-plans-for-second-edition-ewl-2023-scal]
[livespot360.com/wp-content/themes/livespot/site.html]
[livespot360.com/blog/designing-success-creating-visually-stunning-events/index.html]
[www.google.com/recaptcha/apie4a9.js]
[livespot360.com/wp-content/themes/livespot/safari-pinned-tab.svg]
[livespot360.com/wp-content/uploads/2023/01/livespot-designing-success-creating-visually-stunning-events-livespot360-02930-a-hyper-realistic-image-of-a-creativity-mixed-0b02d62c-]
[livespot360.com/navigation/index.html]
[livespot360.com/terms/index.html]
[livespot360.com/privacy/index.html]
[livespot360.com/assets/fonts/matter/matter-light.woff2]
[livespot360.com/assets/fonts/matter/matter-light.woff]
[livespot360.com/assets/fonts/matter/matter-regular.woff2]
[livespot360.com/assets/fonts/matter/matter-regular.woff]
[livespot360.com/assets/fonts/matter/matter-medium.woff2]
[livespot360.com/assets/fonts/matter/matter-medium.woff]
[livespot360.com/assets/fonts/instrument-serif/instrument-serif-v4-latin-regular.woff2]
[livespot360.com/assets/fonts/instrument-serif/instrument-serif-v4-latin-italic.woff2]
[livespot360.com/wp-content/cache/autoptimize/css/autoptimize_single_5a8a50f9692d3f7dadc58e0cc1025a6eef10.css]
[livespot360.com/wp-json/wp/v2/pages/29.json]
[livespot360.com/wp-json/oembed/1.0/embed1c6b.json]
[livespot360.com/wp-json/oembed/1.0/embed0147]
[livespot360.com/connect/index.html]
[livespot360.com/wp-json/wp/v2/pages/21.json]
[livespot360.com/wp-json/oembed/1.0/embed78bc.json]
[livespot360.com/wp-json/oembed/1.0/embed040d]
[livespot360.com/wp-content/uploads/2023/11/livespot-1-6.jpg]
[livespot360.com/wp-content/uploads/2024/04/livespot-our-nation-who-we-are-1-2.png]
[livespot360.com/wp-content/uploads/2023/11/livespot-1-7.jpg]
[livespot360.com/wp-content/uploads/2023/11/livespot-1-1.5x-7-scaled.jpg]
[livespot360.com/wp-content/uploads/2024/04/livespot-our-nation-untitled-7-2-scaled.jpg]
[livespot360.com/wp-content/uploads/2024/04/livespot-our-nation-untitled-112-scaled.jpg]
[livespot360.com/wp-content/uploads/2023/11/livespot-3-2.jpg]
[livespot360.com/wp-content/uploads/2023/11/livespot-4-2.jpg]
[livespot360.com/wp-content/uploads/2024/04/livespot-our-nation-untitled-38-2-scaled.jpg]
[livespot360.com/wp-content/uploads/2024/03/livespot-our-nation-archetype-rebel-1-1.jpg]
[livespot360.com/wp-content/uploads/2024/03/livespot-our-nation-archetype-magician-1-1.jpg]
[livespot360.com/wp-content/uploads/2024/03/livespot-our-nation-achetype-creator-1.jpg]
[livespot360.com/wp-content/uploads/2024/03/livespot-our-nation-archetype-ruler-1-1.jpg]
[livespot360.com/wp-content/uploads/2024/01/livespot-home-who-we-are-6.png]
[livespot360.com/wp-content/uploads/2024/01/livespot-home-who-we-are-4.png]
[livespot360.com/wp-content/uploads/2024/01/livespot-home-who-we-are-5.png]
[livespot360.com/wp-content/uploads/2024/01/livespot-home-who-we-are-2-.png]
[livespot360.com/wp-content/uploads/2023/12/livespot-our-nation-deola-art-alade.jpg]
[livespot360.com/wp-content/uploads/2024/03/livespot-deola-art-alade.jpg]
[livespot360.com/wp-content/uploads/2023/12/livespot-our-nation-dare-art-alade.jpg]
[livespot360.com/wp-content/uploads/2024/03/livespot-dare-art-alade.jpg]
[livespot360.com/wp-content/uploads/2023/12/livespot-our-nation-tiwa-medubi.jpg]
[livespot360.com/wp-content/uploads/2024/03/livespot-tiwa-medubi.jpg]
[livespot360.com/wp-content/uploads/2023/12/livespot-our-nation-odunayo-odunlami.jpg]
[livespot360.com/wp-content/uploads/2024/03/livespot-odunayo-odunlami.jpg]
[livespot360.com/wp-content/uploads/2023/12/livespot-our-nation-tosan-adebanjo.jpg]
[livespot360.com/wp-content/uploads/2024/03/livespot-tosan-adebanjo.jpg]
[livespot360.com/wp-content/uploads/2024/02/livespot-our-citizens-final-headshot.jpg]
[livespot360.com/wp-content/uploads/2024/03/livespot-uncode.png]
[livespot360.com/wp-content/uploads/2024/03/livespot-love-like-a-movie.png]
[livespot360.com/wp-content/uploads/2024/03/livespot-entertainment-week-lagos.png]
[livespot360.com/wp-content/uploads/2024/03/livespot-gen-z-republik.png]
[livespot360.com/wp-content/uploads/2024/03/livespot-born-in-africa-festival.png]
[livespot360.com/wp-content/uploads/2023/11/livespot-xperiental-hub.png]
[livespot360.com/wp-content/uploads/2023/11/livespot-progear-solutions.png]
[livespot360.com/wp-content/uploads/2023/11/livespot-dot360.png]
[livespot360.com/wp-content/uploads/2024/03/livespot-our-nation-rent-a-rig.png]
[livespot360.com/wp-content/uploads/2023/11/livespot-wedding-architects.png]
[livespot360.com/nation/index.html]
[livespot360.com/wp-json/wp/v2/pages/23.json]
[livespot360.com/wp-json/oembed/1.0/embed63c4.json]
[livespot360.com/wp-json/oembed/1.0/embedfcba]
[livespot360.com/wp-content/uploads/2023/11/livespot-1-11.jpg]
[livespot360.com/wp-content/uploads/2024/03/livespot-our-states-3.jpg]
[livespot360.com/wp-content/uploads/2024/05/livespot-our-states-digitech-ii.jpg]
[livespot360.com/wp-content/uploads/2024/05/livespot-our-states-creative-services-scaled.jpg]
[livespot360.com/wp-content/uploads/2024/05/livespot-our-states-engage-scaled.jpg]
[livespot360.com/wp-content/uploads/2024/03/livespot-our-states-5.jpg]
[livespot360.com/states/index.html]
[livespot360.com/wp-content/uploads/2023/11/livespot-entertainment-week-lagos-2022-mg-1356.jpg]
[livespot360.com/wp-content/uploads/2023/11/livespot-entertainment-week-lagos-2022-untitled-106-scaled.jpg]
[livespot360.com/wp-content/uploads/2023/11/livespot-entertainment-week-lagos-2022-gen-z-republik-scaled.jpg]
[livespot360.com/wp-content/uploads/2025/03/livespot-maggi-creators-conference-2024-whatsapp-image-2025-03-04-at-13.02.27.jpg]
[livespot360.com/projects/page/2/index.html]
[livespot360.com/wp-content/uploads/2025/03/livespot-maggi-creators-conference-2024-whatsapp-image-2025-03-04-at-13.02.26.jpg]
[livespot360.com/wp-content/uploads/2025/03/livespot-heineken-x-tiffany-amber-25th-collection-fashion-show-whatsapp-image-2025-03-04-at-12.05.14.jpg]
[livespot360.com/wp-content/uploads/2024/10/livespot-africa-magic-viewers-choice-awards-10-amvca-10-1.jpg]
[livespot360.com/wp-content/uploads/2024/10/livespot-africa-magic-viewers-choice-awards-10-whatsapp-image-2024-10-09-at-16.37.16.jpg]
[livespot360.com/client_name/access-bank/index.html]
[livespot360.com/wp-content/uploads/2024/10/livespot-africa-magic-viewers-choice-awards-10-whatsapp-image-2024-10-10-at-20.10.59.jpg]
[livespot360.com/wp-content/uploads/2023/12/livespot-1-11.jpg]
[livespot360.com/client_name/amazon/index.html]
[livespot360.com/wp-content/uploads/2023/12/livespot-2-11.jpg]
[livespot360.com/wp-content/uploads/2023/12/livespot-3-11.jpg]
[livespot360.com/wp-content/uploads/2023/12/livespot-1-5.jpg]
[livespot360.com/wp-content/uploads/2023/12/livespot-2-5.jpg]
[livespot360.com/client_name/fenty-beauty/index.html]
[livespot360.com/wp-content/uploads/2023/12/livespot-3-5.jpg]
[livespot360.com/wp-content/uploads/2023/12/livespot-1-7.jpg]
[livespot360.com/wp-content/uploads/2023/12/livespot-2-7.jpg]
[livespot360.com/wp-content/uploads/2023/11/livespot-last-one-laughing-naija-lol1.png]
[livespot360.com/wp-content/uploads/2023/11/livespot-the-real-housewives-of-lagos-season-1-rhol-f-scaled.jpg]
[livespot360.com/client_name/heineken/index.html]
[livespot360.com/wp-content/uploads/2023/11/livespot-the-real-housewives-of-lagos-season-1-2x7a1934-scaled.jpg]
[livespot360.com/wp-content/uploads/2023/12/livespot-3-2.jpg]
[livespot360.com/wp-content/uploads/2024/05/livespot-tdafrica-celebrating-you-awards-tdafrica8.jpg]
[livespot360.com/client_name/livespot360/index.html]
[livespot360.com/wp-content/uploads/2024/05/livespot-tdafrica-celebrating-you-awards-tdafrica5-scaled.jpg]
[livespot360.com/wp-content/uploads/2024/05/livespot-tdafrica-celebrating-you-awards-tdafrica11.jpg]
[livespot360.com/client_name/nba/index.html]
[livespot360.com/wp-content/uploads/2024/05/livespot-dsc-9557-scaled.jpg]
[livespot360.com/client_name/netflix/index.html]
[livespot360.com/wp-content/uploads/2024/05/livespot-dsc4641-scaled.jpg]
[livespot360.com/wp-content/uploads/2024/04/livespot-fuze-talent-hunt-dsc3959-scaled.jpg]
[livespot360.com/wp-content/uploads/2024/04/livespot-fuze-talent-hunt-fuze7-scaled.jpg]
[livespot360.com/wp-content/uploads/2024/04/livespot-fuze-talent-hunt-fuze9-scaled.jpg]
[livespot360.com/client_name/nickelodeon/index.html]
[livespot360.com/wp-content/uploads/2024/05/livespot-the-unveiling-of-nnpc-limited-nnpc1-scaled.jpg]
[livespot360.com/wp-content/uploads/2024/05/livespot-the-unveiling-of-nnpc-limited-nnpc6-scaled.jpg]
[livespot360.com/wp-content/uploads/2024/05/livespot-the-unveiling-of-nnpc-limited-nnpc7-scaled.jpg]
[livespot360.com/wp-content/uploads/2024/04/livespot-netflix-blood-sisters-launch-img-8900-scaled.jpg]
[livespot360.com/wp-content/uploads/2024/04/livespot-netflix-blood-sisters-launch-img-9122-scaled.jpg]
[livespot360.com/client_name/nnpc/index.html]
[livespot360.com/wp-content/uploads/2024/04/livespot-netflix-blood-sisters-launch-img-9302-scaled.jpg]
[livespot360.com/wp-content/uploads/2024/04/livespot-netflix-blood-sisters-launch-img-9125-scaled.jpg]
[livespot360.com/wp-content/uploads/2024/04/livespot-fenty-beauty-masterclass-fenty.png]
[livespot360.com/wp-content/uploads/2024/04/livespot-fenty-beauty-masterclass-fenty9.jpg]
[livespot360.com/client_name/other/index.html]
[livespot360.com/wp-content/uploads/2024/04/livespot-fenty-beauty-masterclass-fenty10.jpg]
[livespot360.com/wp-content/uploads/2023/12/livespot-1.jpg]
[livespot360.com/wp-content/uploads/2023/12/livespot-2.jpg]
[livespot360.com/wp-content/uploads/2023/12/livespot-3.jpg]
[livespot360.com/wp-content/uploads/2023/12/livespot-1-8.jpg]
[livespot360.com/client_name/showmax/index.html]
[livespot360.com/wp-content/uploads/2023/12/livespot-2-8.jpg]
[livespot360.com/wp-content/uploads/2023/12/livespot-3-8.jpg]
[livespot360.com/wp-content/uploads/2024/05/livespot-maltina-nickfest-maltina1.png]
[livespot360.com/wp-content/uploads/2024/05/livespot-maltina-nickfest-maltina6.png]
[livespot360.com/wp-content/uploads/2024/05/livespot-maltina-nickfest-maltina2.jpg]
[livespot360.com/client_name/stanbic-ibtc/index.html]
[livespot360.com/wp-content/uploads/2024/04/livespot-our-states-hsn-2910-scaled.jpg]
[livespot360.com/wp-content/uploads/2024/04/livespot-uncode-hsn-2811-scaled.jpg]
[livespot360.com/wp-content/uploads/2024/04/livespot-uncode-hsn-2829-scaled.jpg]
[livespot360.com/client_name/tdafrica/index.html]
[livespot360.com/wp-content/uploads/2023/12/livespot-1-9.jpg]
[livespot360.com/wp-content/uploads/2023/11/livespot-born-in-africa-festival-screenshot-2024-04-16-at-14.20.05.png]
[livespot360.com/wp-content/uploads/2023/12/livespot-3-9.jpg]
[livespot360.com/portfolio_category/digitech/index.html]
[livespot360.com/wp-content/uploads/2024/05/livespot-gods-children-great-talent-gcgt1.jpg]
[livespot360.com/wp-content/uploads/2024/05/livespot-gods-children-great-talent-gcgt3.jpg]
[livespot360.com/wp-content/uploads/2024/05/livespot-gods-children-great-talent-gcgt2.jpg]
[livespot360.com/wp-content/uploads/2023/11/livespot-the-falz-experience-1-2-img-1022-scaled.jpg]
[livespot360.com/portfolio_category/engage/index.html]
[livespot360.com/wp-content/uploads/2023/11/livespot-the-falz-experience-1-2-img-0717-scaled.jpg]
[livespot360.com/wp-content/uploads/2023/11/livespot-the-falz-experience-1-2-img-0796-pano-scaled.jpg]
[livespot360.com/projects/index.html]
[livespot360.com/portfolio_category/x/index.html]
[livespot360.com/portfolio_category/production/index.html]
[livespot360.com/projects/maggi-creators-conference-2024/index.html]
[livespot360.com/wp-json/wp/v2/pages/25.json]
[livespot360.com/projects/heineken-x-tiffany-amber-25th-collection-fashion-show/index.html]
[livespot360.com/projects/africa-magic-viewers-choice-awards-10/index.html]
[livespot360.com/wp-json/oembed/1.0/embede95d.json]
[livespot360.com/projects/gangs-of-lagos-premiere/index.html]
[livespot360.com/projects/tdafrica-celebrating-you-awards/index.html]
[livespot360.com/projects/nba-finals-screening/index.html]
[livespot360.com/wp-json/oembed/1.0/embed41ed]
[livespot360.com/projects/the-unveiling-of-nnpc-limited/index.html]
[livespot360.com/projects/fuze-festival/index.html]
[livespot360.com/wp-content/uploads/2023/12/livespot-careers-1-1.5x-scaled.jpg]
[livespot360.com/team/index.html]
[livespot360.com/projects/netflix-blood-sisters-launch/index.html]
[livespot360.com/projects/heineken-ucl-trophy-tour/index.html]
[livespot360.com/wp-content/uploads/2025/04/livespot-experience-is-the-new-metric-on-the-block-web-06-scaled.jpg]
[livespot360.com/projects/fenty-beauty-masterclass/index.html]
[livespot360.com/wp-content/uploads/2025/04/livespot-ai-wont-take-your-job-someone-who-masters-it-will-ai-web-16-scaled.jpg]
[livespot360.com/wp-content/uploads/2025/04/livespot-how-to-win-the-logical-war-when-your-creativity-faces-scrutiny-whatsapp-image-2025-04-08-at-08.29.36.jpg]
[livespot360.com/wp-content/uploads/2025/03/livespot-rewiring-your-creative-mindset-a-guide-to-unleashing-your-creative-potential-whatsapp-image-2025-03-31-at-21.31.38.jpg]
[livespot360.com/wp-content/uploads/2025/03/livespot-your-first-idea-is-probably-trash-embracing-the-ugly-first-draft-theory-monalisa.png]
[livespot360.com/wp-content/uploads/2025/02/livespot-rethinking-detty-december-with-a-multi-layered-approach-dd-web-1.png]
[livespot360.com/wp-content/uploads/2025/02/livespot-livespot360-chief-creative-officer-darey-joins-the-pitcher-awards-2025-entertainment-jury-lineup-pitcher-award.png]
[livespot360.com/wp-content/uploads/2023/11/livespot-entertainment-week-lagos-2023-untitled-608-scaled.jpg]
[livespot360.com/projects/the-voice-nigeria-season-3/index.html]
[livespot360.com/wp-content/uploads/2024/11/livespot-lagos-to-host-africas-biggest-entertainment-convergence-entertainment-week-lagos-ewl-2024-img-4382.jpg]
[livespot360.com/blog/index.html]
[livespot360.com/projects/maltina-nickfest/index.html]
[livespot360.com/projects/uncode-by-livespot-digitech/index.html]
[livespot360.com/projects/born-in-africa-festival/index.html]
[livespot360.com/projects/god-s-children-great-talent/index.html]
[livespot360.com/wp-json/wp/v2/pages/27.json]
[livespot360.com/projects/the-falz-experience-1-2/index.html]
[livespot360.com/blog/page/2/index.html]
[livespot360.com/categories/case-study/index.html]
[livespot360.com/categories/culture/index.html]
[livespot360.com/wp-json/oembed/1.0/embed24c6.json]
[livespot360.com/categories/events/index.html]
[livespot360.com/categories/thinking/index.html]
[livespot360.com/categories/production/index.html]
[livespot360.com/categories/news/index.html]
[livespot360.com/categories/ceos-desk/index.html]
[livespot360.com/blog/experience-is-the-new-metric-on-the-block/index.html]
[livespot360.com/blog/ai-won-t-take-your-job-someone-who-masters-it-will/index.html]
[livespot360.com/blog/how-to-win-the-logical-war-when-your-creativity-faces-scrutiny/index.html]
[livespot360.com/blog/rewiring-your-creative-mindset-a-guide-to-unleashing-your-creative-potential/index.html]
[livespot360.com/blog/your-first-idea-is-probably-trash-embracing-the-ugly-first-draft-theory/index.html]
[livespot360.com/categories/creative/index.html]
[livespot360.com/wp-json/oembed/1.0/embedab59]
[livespot360.com/blog/thinking-outside-the-box-how-to-leverage-the-whole-box-for-creative-excellence/index.html]
[livespot360.com/wp-content/uploads/2025/03/livespot-thinking-outside-the-box-how-to-leverage-the-whole-box-for-creative-excellence-whatsapp-image-2025-03-10-at-07.48.38.dc.delay]
[livespot360.com/wp-content/uploads/2024/04/livespot-careers-1.mp4]
[livespot360.com/wp-content/uploads/2024/04/livespot-careers-livespot360-02930-three-beautiful-young-male-and-female-african-61d594d8-e5fc-4e6a-9973-55b4e1b0d456.png]
[livespot360.com/wp-content/uploads/2024/04/livespot-careers-livespot360-02930-a-wide-shot-of-a-modern-office-space-unconven-b51a9dbd-282a-4d86-8204-39ed343187af.png]
[livespot360.com/wp-content/uploads/2024/04/livespot-careers-livespot360-02930-a-beautiful-young-27-year-old-african-america-a8dff8a4-bb68-4a6b-8b2f-e44a6b313a26.png]
[livespot360.com/blog/creativity-is-subjective-how-creatives-can-navigate-innovation-rejection-and-artistic-confidence/index.html]
[livespot360.com/wp-content/uploads/2024/04/livespot-careers-livespot360-02930-three-young-male-and-female-africans-made-of--cdcecfb9-196f-4484-aa0b-131d0dda87cb.png]
[livespot360.com/wp-content/uploads/2025/02/livespot-creativity-is-subjective-how-creatives-can-navigate-innovation-rejection-and-artistic-confidence-whatsapp-image-2025-02-11-at]
[livespot360.com/blog/experts-warn-of-rising-burnout-and-mental-health-issues-among-creatives-amid-social-and-economic-pressures/index.html]
[livespot360.com/wp-content/uploads/2024/04/livespot-careers-livespot360-02930-three-beautiful-young-male-and-female-african-3a6cd60d-1cc1-4820-bbc5-418ff5a290a2.png]
[livespot360.com/wp-content/uploads/2025/02/livespot-experts-warn-of-rising-burnout-and-mental-health-issues-among-creatives-amid-social-and-economic-pressures-darey-e17387572135]
[livespot360.com/wp-content/uploads/2024/04/livespot-careers-livespot360-02930-a-beautiful-young-27-year-old-african-america-420e5af0-c6cc-4da8-ac23-5f9185064165.png]
[livespot360.com/careers/index.html]
[livespot360.com/blog/rethinking-detty-december-with-a-multi-layered-approach/index.html]
[livespot360.com/assets/sprites/svgsprites.svg]
[livespot360.com/blog/livespot360-chief-creative-officer-darey-joins-the-pitcher-awards-2025-jury-lineup/index.html]
[livespot360.com/wp-content/uploads/2024/04/livespot-home-wef.svg]
[livespot360.com/blog/livespot360-announces-third-annual-entertainment-week-lagos-december-10-15-2024/index.html]
[livespot360.com/blog/lagos-to-host-africa-s-biggest-entertainment-convergence-entertainment-week-lagos-ewl-2024/index.html]
[livespot360.com/wp-content/uploads/2024/04/livespot-home-amazon.svg]
[livespot360.com/wp-content/uploads/2024/04/livespot-home-netflix.svg]
[livespot360.com/wp-content/uploads/2024/04/livespot-home-youtube.svg]
[livespot360.com/wp-content/uploads/2024/04/livespot-home-microsoft.svg]
[livespot360.com/wp-content/uploads/2024/04/livespot-home-fenty.svg]
[livespot360.com/wp-content/uploads/2024/04/livespot-home-nickelodeon.svg]
[livespot360.com/wp-content/uploads/2024/04/livespot-home-uba.svg]
[livespot360.com/wp-content/uploads/2024/04/livespot-home-heineken.svg]
[livespot360.com/wp-content/uploads/2024/04/livespot-home-schweppes.svg]
[livespot360.com/wp-content/uploads/2024/04/livespot-home-big-brother.svg]
[livespot360.com/wp-content/uploads/2024/04/livespot-home-viacom.svg]
[livespot360.com/wp-content/uploads/2024/04/livespot-home-nestle.svg]
[livespot360.com/wp-content/uploads/2024/04/livespot-home-coca-cola.svg]
[livespot360.com/wp-content/uploads/2024/04/livespot-home-access.svg]
[livespot360.com/wp-json/oembed/1.0/embed2177.json]
[livespot360.com/wp-json/oembed/1.0/embed96c5]
[livespot360.com/wp-content/uploads/2023/11/livespot-last-one-laughing-naija-2x7a2790-scaled.jpg]
[livespot360.com/wp-content/uploads/2023/11/livespot-last-one-laughing-naija-2x7a1468-scaled.jpg]
[livespot360.com/wp-content/uploads/2023/11/livespot-last-one-laughing-naija-2x7a1957-scaled.jpg]
[livespot360.com/wp-content/uploads/2023/11/livespot-last-one-laughing-naija-2x7a2405-scaled.jpg]
[livespot360.com/wp-content/uploads/2023/11/livespot-last-one-laughing-naija-2x7a1601-scaled.jpg]
[livespot360.com/wp-content/uploads/2024/03/livespot-6-1.5x.jpg]
[livespot360.com/wp-content/uploads/2024/03/livespot-11.jpg]
[livespot360.com/wp-content/uploads/2024/03/livespot-12.jpg]
[livespot360.com/wp-content/uploads/2023/11/livespot-last-one-laughing-naija-lol-7569-scaled.jpg]
[livespot360.com/wp-content/uploads/2023/11/livespot-nba-finals-screening-2x7a9792-scaled.jpg]
[livespot360.com/projects/last-one-laughing/index.html]
[livespot360.com/wp-json/oembed/1.0/embed1681.json]
[livespot360.com/wp-json/oembed/1.0/embed18e8]
[livespot360.com/wp-content/uploads/2023/11/livespot-the-real-housewives-of-lagos-season-1-rhol-scaled.jpg]
[livespot360.com/wp-content/uploads/2023/11/livespot-the-real-housewives-of-lagos-season-1-rhol-10-scaled.jpg]
[livespot360.com/wp-content/uploads/2023/11/livespot-the-real-housewives-of-lagos-season-1-rhol-9-scaled.jpg]
[livespot360.com/wp-content/uploads/2023/11/livespot-the-real-housewives-of-lagos-season-1-rhol-8-scaled.jpg]
[livespot360.com/wp-content/uploads/2023/11/livespot-the-real-housewives-of-lagos-season-1-rhol-3-1-scaled.jpg]
[livespot360.com/wp-content/uploads/2023/11/livespot-the-real-housewives-of-lagos-season-1-rhol-5-scaled.jpg]
[livespot360.com/wp-content/uploads/2023/11/livespot-the-real-housewives-of-lagos-season-1-rhol-4-scaled.jpg]
[livespot360.com/wp-content/uploads/2023/11/livespot-the-real-housewives-of-lagos-season-1-rhol.-4-scaled.jpg]
[livespot360.com/wp-content/uploads/2023/11/livespot-heineken-ucl-trophy-tour-heineken.avif]
[livespot360.com/projects/the-real-housewives-of-lagos-season-1/index.html]
[livespot360.com/wp-json/oembed/1.0/embed230c.json]
[livespot360.com/wp-json/oembed/1.0/embedcd00]
[livespot360.com/wp-content/uploads/2023/11/livespot-entertainment-week-lagos-ewlllll.jpg]
[livespot360.com/wp-content/uploads/2023/11/livespot-entertainment-week-lagos-whatsapp-image-2025-02-12-at-07.21.05.jpg]
[livespot360.com/wp-content/uploads/2023/11/livespot-entertainment-week-lagos-whatsapp-image-2025-02-12-at-07.21.04.jpg]
[livespot360.com/wp-content/uploads/2023/11/livespot-entertainment-week-lagos-ewlx.jpg]
[livespot360.com/wp-content/uploads/2023/11/livespot-entertainment-week-lagos-whatsapp-image-2025-02-12-at-07.20.09-1.jpg]
[livespot360.com/wp-content/uploads/2023/11/livespot-entertainment-week-lagos-ewllllld.jpg]
[livespot360.com/wp-content/uploads/2023/11/livespot-entertainment-week-lagos-ewllll.jpg]
[livespot360.com/wp-content/uploads/2023/11/livespot-entertainment-week-lagos-ewld.jpg]
[livespot360.com/wp-content/uploads/2023/11/livespot-entertainment-week-lagos-ewllllllf.jpg]
[livespot360.com/wp-content/uploads/2023/11/livespot-entertainment-week-lagos-2023-mg-1628.jpg]
[livespot360.com/wp-content/uploads/2023/11/livespot-entertainment-week-lagos-2022-mg-1356-1.jpg]
[livespot360.com/wp-content/uploads/2023/11/livespot-entertainment-week-lagos-2023-2x7a0781.jpg]
[livespot360.com/wp-content/uploads/2023/11/livespot-entertainment-week-lagos-2023-2x7a0947.jpg]
[livespot360.com/projects/entertainment-week-lagos/index.html]
[livespot360.com/wp-json/oembed/1.0/embed79a8.json]
[livespot360.com/wp-json/oembed/1.0/embed8465]
[livespot360.com/wp-content/uploads/2024/04/livespot-fuze-talent-hunt-dsc4076-scaled.jpg]
[livespot360.com/wp-content/uploads/2024/04/livespot-fuze-talent-hunt-fuze8-scaled.jpg]
[livespot360.com/wp-content/uploads/2024/04/livespot-fuze-talent-hunt-fuzew10-scaled.jpg]
[livespot360.com/projects/fuze-talent-hunt/index.html]
[livespot360.com/wp-json/oembed/1.0/embedd56c.json]
[livespot360.com/wp-json/oembed/1.0/embed1b16]
[livespot360.com/blog/livespot-production/index.html]
[livespot360.com/wp-content/uploads/2024/02/livespot-advocating-excellence-in-nigerias-entertainment-scene-entertainment-week-lagos-unveils-plans-for-second-edition-ewl-2023-1024]
[livespot360.com/wp-json/oembed/1.0/embed72c8.json]
[livespot360.com/wp-json/oembed/1.0/embed6a1b]
[livespot360.com/blog/advocating-excellence-in-nigeria-s-entertainment-scene-entertainment-week-lagos-unveils-plans-for-second-edition/index.html]
[livespot360.com/wp-content/uploads/2023/01/livespot-designing-success-creating-visually-stunning-events-livespot360-02930-a-hyper-realistic-image-of-a-creativity-mixed-0b02d62c-3]
[livespot360.com/wp-json/oembed/1.0/embeddbe6.json]
[livespot360.com/wp-json/oembed/1.0/embed2803]
[livespot360.com/blog/designing-success-creating-visually-stunning-events/index.html]
[livespot360.com/wp-json/wp/v2/pages/31.json]
[livespot360.com/wp-json/oembed/1.0/embedc286.json]
[livespot360.com/wp-json/oembed/1.0/embedb81b]
[livespot360.com/navigation/index.html]
[livespot360.com/wp-json/wp/v2/pages/33.json]
[livespot360.com/wp-json/oembed/1.0/embed33c8.json]
[livespot360.com/wp-json/oembed/1.0/embedd241]
[livespot360.com/terms/index.html]
[livespot360.com/wp-json/wp/v2/pages/35.json]
[livespot360.com/wp-json/oembed/1.0/embed2ff1.json]
[livespot360.com/wp-json/oembed/1.0/embed2e48]
[livespot360.com/privacy/index.html]
[livespot360.com/wp-content/cache/autoptimize/js/autoptimize_single_0323ae1be245fcc1fb90ab97298cf837.js]
[livespot360.com/index9cd7.html]
[livespot360.com/index3965.html]
[livespot360.com/wp-content/uploads/2023/11/livespot-guardian.svg]
[livespot360.com/wp-content/uploads/2023/11/livespot-hollywood-reporter.svg]
[livespot360.com/wp-content/uploads/2023/11/livespot-cnn.svg]
[livespot360.com/wp-content/uploads/2023/11/livespot-deadline.svg]
[livespot360.com/wp-content/uploads/2023/11/livespot-variety.svg]
[livespot360.com/wp-content/uploads/2023/11/livespot-business-insider.svg]
[livespot360.com/wp-content/uploads/2023/11/livespot-vanguard.svg]
[livespot360.com/index40a0.html]
[livespot360.com/projects/page/2/index.html]
[livespot360.com/projects/indexbeb1.html]
[livespot360.com/projects/indexcfa8.html]
[livespot360.com/client_name/access-bank/index.html]
[livespot360.com/projects/page/3/index.html]
[livespot360.com/client_name/amazon/index.html]
[livespot360.com/client_name/fenty-beauty/index.html]
[livespot360.com/client_name/heineken/index.html]
[livespot360.com/client_name/livespot360/index.html]
[livespot360.com/client_name/nba/index.html]
[livespot360.com/client_name/netflix/index.html]
[livespot360.com/client_name/nickelodeon/index.html]
[livespot360.com/client_name/nnpc/index.html]
[livespot360.com/wp-content/uploads/2024/10/livespot-africa-magic-viewers-choice-awards-10-whatsapp-image-2024-10-10-at-20.15.54.jpg]
[livespot360.com/client_name/other/index.html]
[livespot360.com/client_name/showmax/index.html]
[livespot360.com/client_name/stanbic-ibtc/index.html]
[livespot360.com/client_name/tdafrica/index.html]
[livespot360.com/portfolio_category/digitech/index.html]
[livespot360.com/portfolio_category/engage/index.html]
[livespot360.com/portfolio_category/production/index.html]
[livespot360.com/portfolio_category/x/index.html]
[livespot360.com/wp-json/oembed/1.0/embed5b02.json]
[livespot360.com/wp-json/oembed/1.0/embeddd28]
[livespot360.com/wp-content/uploads/2025/03/livespot-maggi-creators-conference-2024-whatsapp-image-2025-03-04-at-13.02.26-3.jpg]
[livespot360.com/wp-content/uploads/2025/03/livespot-maggi-creators-conference-2024-whatsapp-image-2025-03-04-at-13.02.26-1.jpg]
[livespot360.com/wp-content/uploads/2023/11/livespot-gangs-of-lagos-premiere-2x7a8926-1-scaled.jpg]
[livespot360.com/projects/maggi-creators-conference-2024/index.html]
[livespot360.com/wp-json/oembed/1.0/embed0709.json]
[livespot360.com/wp-json/oembed/1.0/embeda99d]
[livespot360.com/wp-content/uploads/2025/03/livespot-heineken-x-tiffany-amber-25th-collection-fashion-show-whatsapp-image-2025-03-04-at-12.03.23.jpg]
[livespot360.com/wp-content/uploads/2025/03/livespot-heineken-x-tiffany-amber-25th-collection-fashion-show-jew-3332-scaled.jpg]
[livespot360.com/wp-content/uploads/2025/03/livespot-heineken-x-tiffany-amber-25th-collection-fashion-show-whatsapp-image-2025-03-04-at-12.03.24-2.jpg]
[livespot360.com/wp-content/uploads/2025/03/livespot-heineken-x-tiffany-amber-25th-collection-fashion-show-whatsapp-image-2025-03-04-at-12.03.25.jpg]
[livespot360.com/projects/heineken-x-tiffany-amber-25th-collection-fashion-show/index.html]
[livespot360.com/wp-json/oembed/1.0/embed194a.json]
[livespot360.com/wp-json/oembed/1.0/embed65d5]
[livespot360.com/projects/africa-magic-viewers-choice-awards-10/index.html]
[livespot360.com/wp-content/uploads/2023/11/livespot-gangs-of-lagos-premiere-2x7a8926-1-1024x683.jpg]
[livespot360.com/wp-json/oembed/1.0/embed16d7.json]
[livespot360.com/wp-json/oembed/1.0/embedf628]
[livespot360.com/wp-content/uploads/2023/11/livespot-gangs-of-lagos-premiere-gol3-scaled.jpg]
[livespot360.com/wp-content/uploads/2023/11/livespot-gangs-of-lagos-premiere-gol2-scaled.jpg]
[livespot360.com/wp-content/uploads/2023/11/livespot-gangs-of-lagos-premiere-gol-scaled.jpg]
[livespot360.com/wp-content/uploads/2023/11/livespot-gangs-of-lagos-premiere-gol10-scaled.jpg]
[livespot360.com/wp-content/uploads/2023/11/livespot-gangs-of-lagos-premiere-gol9-scaled.jpg]
[livespot360.com/wp-content/uploads/2023/11/livespot-gangs-of-lagos-premiere-gol7-scaled.jpg]
[livespot360.com/wp-content/uploads/2023/11/livespot-gangs-of-lagos-premiere-gol5-scaled.jpg]
[livespot360.com/wp-content/uploads/2023/11/livespot-gangs-of-lagos-premiere-gol4-scaled.jpg]
[livespot360.com/wp-content/uploads/2023/11/livespot-gangs-of-lagos-premiere-gol11-scaled.jpg]
[livespot360.com/projects/gangs-of-lagos-premiere/index.html]
[livespot360.com/wp-json/oembed/1.0/embed08f9.json]
[livespot360.com/wp-json/oembed/1.0/embed5ecb]
[livespot360.com/wp-content/uploads/2023/11/livespot-nba-finals-screening-2x7a1356-scaled.jpg]
[livespot360.com/wp-content/uploads/2023/11/livespot-nba-finals-screening-2x7a0148-scaled.jpg]
[livespot360.com/wp-content/uploads/2023/11/livespot-nba-finals-screening-2x7a0259-scaled.jpg]
[livespot360.com/projects/nba-finals-screening/index.html]
[livespot360.com/wp-json/oembed/1.0/embed5b97.json]
[livespot360.com/wp-json/oembed/1.0/embedabcb]
[livespot360.com/wp-content/uploads/2024/05/livespot-tdafrica-celebrating-you-awards-tdafrica1.jpg]
[livespot360.com/wp-content/uploads/2024/05/livespot-tdafrica-celebrating-you-awards-tdafrica2.jpg]
[livespot360.com/wp-content/uploads/2024/05/livespot-tdafrica-celebrating-you-awards-tdafrica3.jpg]
[livespot360.com/wp-content/uploads/2024/05/livespot-tdafrica-celebrating-you-awards-tdafrica4.jpg]
[livespot360.com/wp-content/uploads/2024/05/livespot-tdafrica-celebrating-you-awards-tdafrica6.jpg]
[livespot360.com/wp-content/uploads/2024/05/livespot-tdafrica-celebrating-you-awards-tdafrica9.jpg]
[livespot360.com/projects/tdafrica-celebrating-you-awards/index.html]
[livespot360.com/wp-content/uploads/2024/05/livespot-fuze-festival-dsc-4765-1.jpg]
[livespot360.com/wp-json/oembed/1.0/embed7fc3.json]
[livespot360.com/wp-json/oembed/1.0/embed7071]
[livespot360.com/wp-content/uploads/2024/05/livespot-fuze-festival-dsc-4764.jpg]
[livespot360.com/wp-content/uploads/2024/05/livespot-fuze-festival-dsc-4758.jpg]
[livespot360.com/wp-content/uploads/2024/05/livespot-fuze-festival-dsc-4911.jpg]
[livespot360.com/wp-content/uploads/2024/05/livespot-fuze-festival-dsc-4759.jpg]
[livespot360.com/wp-content/uploads/2024/05/livespot-fuze-festival-dsc-4845.jpg]
[livespot360.com/wp-content/uploads/2024/05/livespot-fuze-festival-fuzee.png]
[livespot360.com/wp-content/uploads/2024/05/livespot-fuze-festival-dsc-4714.jpg]
[livespot360.com/wp-content/uploads/2024/05/livespot-maltina-nickfest-img-0641-scaled.jpg]
[livespot360.com/projects/fuze-festival/index.html]
[livespot360.com/wp-content/uploads/2024/05/livespot-the-unveiling-of-nnpc-limited-nnpc8-scaled.jpg]
[livespot360.com/wp-json/oembed/1.0/embed1764.json]
[livespot360.com/wp-json/oembed/1.0/embed42e3]
[livespot360.com/wp-content/uploads/2024/05/livespot-the-unveiling-of-nnpc-limited-nnpc2-scaled.jpg]
[livespot360.com/wp-content/uploads/2024/05/livespot-the-unveiling-of-nnpc-limited-nnpc4-scaled.jpg]
[livespot360.com/wp-content/uploads/2024/05/livespot-the-unveiling-of-nnpc-limited-nnpc3-scaled.jpg]
[livespot360.com/wp-content/uploads/2024/05/livespot-the-unveiling-of-nnpc-limited-nnpc11-scaled.jpg]
[livespot360.com/wp-content/uploads/2024/05/livespot-the-unveiling-of-nnpc-limited-nnpc10-scaled.jpg]
[livespot360.com/wp-content/uploads/2024/05/livespot-the-unveiling-of-nnpc-limited-nnpc13-scaled.jpg]
[livespot360.com/wp-content/uploads/2024/05/livespot-the-unveiling-of-nnpc-limited-nnpc12-scaled.jpg]
[livespot360.com/wp-content/uploads/2024/05/livespot-the-unveiling-of-nnpc-limited-nnpc5-scaled.jpg]
[livespot360.com/projects/the-unveiling-of-nnpc-limited/index.html]
[livespot360.com/wp-content/uploads/2024/04/livespot-netflix-blood-sisters-launch-blood-sisters.webp]
[livespot360.com/wp-json/oembed/1.0/embeda631.json]
[livespot360.com/wp-json/oembed/1.0/embed52a2]
[livespot360.com/wp-content/uploads/2024/04/livespot-netflix-blood-sisters-launch-img-8886-scaled.jpg]
[livespot360.com/wp-content/uploads/2024/04/livespot-netflix-blood-sisters-launch-img-8930-scaled.jpg]
[livespot360.com/wp-content/uploads/2024/04/livespot-netflix-blood-sisters-launch-img-9000-scaled.jpg]
[livespot360.com/wp-content/uploads/2024/04/livespot-netflix-blood-sisters-launch-img-8991-scaled.jpg]
[livespot360.com/wp-content/uploads/2024/04/livespot-netflix-blood-sisters-launch-img-9016-scaled.jpg]
[livespot360.com/wp-content/uploads/2024/04/livespot-netflix-blood-sisters-launch-img-9152-scaled.jpg]
[livespot360.com/wp-content/uploads/2024/04/livespot-netflix-blood-sisters-launch-img-9219-scaled.jpg]
[livespot360.com/wp-content/uploads/2024/04/livespot-netflix-blood-sisters-launch-img-9258-scaled.jpg]
[livespot360.com/wp-content/uploads/2024/04/livespot-netflix-blood-sisters-launch-img-9117-scaled.jpg]
[livespot360.com/wp-content/uploads/2024/04/livespot-netflix-blood-sisters-launch-img-8893-scaled.jpg]
[livespot360.com/projects/netflix-blood-sisters-launch/index.html]
[livespot360.com/wp-content/uploads/2024/04/livespot-fenty-beauty-masterclass-fenty-1.png]
[livespot360.com/wp-json/oembed/1.0/embeddad9.json]
[livespot360.com/wp-json/oembed/1.0/embedaac4]
[livespot360.com/wp-content/uploads/2024/04/livespot-fenty-beauty-masterclass-fenty15.jpg]
[livespot360.com/wp-content/uploads/2024/04/livespot-fenty-beauty-masterclass-fenty2.jpg]
[livespot360.com/wp-content/uploads/2024/04/livespot-fenty-beauty-masterclass-fenty4.jpg]
[livespot360.com/wp-content/uploads/2024/04/livespot-fenty-beauty-masterclass-fenty1.jpg]
[livespot360.com/wp-content/uploads/2024/04/livespot-fenty-beauty-masterclass-fenty6.jpg]
[livespot360.com/wp-content/uploads/2024/04/livespot-fenty-beauty-masterclass-fenty13.jpg]
[livespot360.com/wp-content/uploads/2024/04/livespot-fenty-beauty-masterclass-fenty3.jpg]
[livespot360.com/wp-content/uploads/2024/04/livespot-fenty-beauty-masterclass-fenty11.jpg]
[livespot360.com/wp-content/uploads/2024/04/livespot-fenty-beauty-masterclass-fenty8.jpg]
[livespot360.com/wp-content/uploads/2024/04/livespot-fenty-beauty-masterclass-fenty5.jpg]
[livespot360.com/wp-content/uploads/2024/04/livespot-fenty-beauty-masterclass-fenty14.jpg]
[livespot360.com/wp-content/uploads/2024/04/livespot-fenty-beauty-masterclass-fenty7.jpg]
[livespot360.com/wp-content/uploads/2024/04/livespot-fenty-beauty-masterclass-fenty12.jpg]
[livespot360.com/projects/fenty-beauty-masterclass/index.html]
[livespot360.com/wp-json/oembed/1.0/embed6497.json]
[livespot360.com/wp-json/oembed/1.0/embedaaed]
[livespot360.com/wp-content/uploads/2023/11/livespot-heineken-ucl-trophy-tour-livespot-3.jpg]
[livespot360.com/wp-content/uploads/2023/11/livespot-heineken-ucl-trophy-tour-0b6a2995.jpg]
[livespot360.com/wp-content/uploads/2023/11/livespot-heineken-ucl-trophy-tour-0b6a2927.jpg]
[livespot360.com/projects/heineken-ucl-trophy-tour/index.html]
[livespot360.com/wp-content/uploads/2023/11/livespot-the-voice-nigeria-season-3-dsc-8291-1024x683.jpg]
[livespot360.com/wp-json/oembed/1.0/embeda5de.json]
[livespot360.com/wp-json/oembed/1.0/embed7b8c]
[livespot360.com/wp-content/uploads/2023/11/livespot-the-voice-nigeria-season-3-dsc-8291-scaled.jpg]
[livespot360.com/wp-content/uploads/2023/11/livespot-the-voice-nigeria-season-3-dsc-8297-scaled.jpg]
[livespot360.com/wp-content/uploads/2023/11/livespot-the-voice-nigeria-season-3-untitled-650-scaled.jpg]
[livespot360.com/wp-content/uploads/2023/11/livespot-the-voice-nigeria-season-3-untitled-663-scaled.jpg]
[livespot360.com/projects/the-voice-nigeria-season-3/index.html]
[livespot360.com/wp-json/oembed/1.0/embed3b6c.json]
[livespot360.com/wp-json/oembed/1.0/embed83a7]
[livespot360.com/wp-content/uploads/2024/05/livespot-maltina-nickfest-img-0642-2.jpg]
[livespot360.com/wp-content/uploads/2024/05/livespot-maltina-nickfest-img-0643.jpg]
[livespot360.com/projects/maltina-nickfest/index.html]
[livespot360.com/wp-content/uploads/2024/04/livespot-our-states-hsn-2910-1024x683.jpg]
[livespot360.com/wp-json/oembed/1.0/embed0bb4.json]
[livespot360.com/wp-json/oembed/1.0/embeda34c]
[livespot360.com/wp-content/uploads/2024/04/livespot-uncode-hsn-2829-1-scaled.jpg]
[livespot360.com/wp-content/uploads/2024/04/livespot-uncode-screenshot-2024-04-29-at-10.56.25.png]
[livespot360.com/wp-content/uploads/2024/04/livespot-uncode-screenshot-2024-04-29-at-10.55.32.png]
[livespot360.com/wp-content/uploads/2024/04/livespot-uncode-hsn-2999-scaled.jpg]
[livespot360.com/wp-content/uploads/2024/04/livespot-uncode-by-livespot-digitech-hsn-2804-scaled.jpg]
[livespot360.com/wp-content/uploads/2024/04/livespot-uncode-by-livespot-digitech-uncode-banner-image-scaled.jpg]
[livespot360.com/wp-content/uploads/2024/04/livespot-uncode-by-livespot-digitech-hsn-2742-scaled.jpg]
[livespot360.com/wp-content/uploads/2024/04/livespot-uncode-by-livespot-digitech-hsn-2746-scaled.jpg]
[livespot360.com/projects/uncode-by-livespot-digitech/index.html]
[livespot360.com/wp-content/uploads/2023/11/livespot-born-in-africa-festival-screenshot-2024-04-16-at-14.20.05-1024x631.png]
[livespot360.com/wp-json/oembed/1.0/embed9e68.json]
[livespot360.com/wp-json/oembed/1.0/embed1a5a]
[livespot360.com/wp-content/uploads/2023/11/livespot-born-in-africa-festival-bi3a8360-scaled.jpg]
[livespot360.com/wp-content/uploads/2023/11/livespot-born-in-africa-festival-bi3a7372-scaled.jpg]
[livespot360.com/wp-content/uploads/2023/11/livespot-born-in-africa-festival-bi3a7715-scaled.jpg]
[livespot360.com/wp-content/uploads/2023/11/livespot-born-in-africa-festival-bi3a7859-scaled.jpg]
[livespot360.com/wp-content/uploads/2023/11/livespot-born-in-africa-festival-bi3a7437-scaled.jpg]
[livespot360.com/wp-content/uploads/2023/11/livespot-born-in-africa-festival-bi3a7390-scaled.jpg]
[livespot360.com/wp-content/uploads/2023/11/livespot-born-in-africa-festival-bi3a7447-scaled.jpg]
[livespot360.com/wp-content/uploads/2023/11/livespot-born-in-africa-festival-bi3a80271-scaled.jpg]
[livespot360.com/projects/born-in-africa-festival/index.html]
[livespot360.com/wp-json/oembed/1.0/embed0155.json]
[livespot360.com/wp-json/oembed/1.0/embed6b5a]
[livespot360.com/projects/god-s-children-great-talent/index.html]
[livespot360.com/wp-json/oembed/1.0/embedc4c1.json]
[livespot360.com/wp-json/oembed/1.0/embede01f]
[livespot360.com/wp-content/uploads/2023/11/livespot-the-falz-experience-1-2-img-1427-scaled.jpg]
[livespot360.com/wp-content/uploads/2023/11/livespot-the-falz-experience-1-2-img-0732-pano-scaled.jpg]
[livespot360.com/projects/the-falz-experience-1-2/index.html]
[livespot360.com/wp-content/uploads/2023/11/livespot-the-falz-experience-1-2-img-1123-scaled.jpg]
[livespot360.com/index970c.html]
[livespot360.com/blog/page/2/index.html]
[livespot360.com/categories/culture/index.html]
[livespot360.com/wp-content/uploads/2024/09/livespot-rethinking-the-attention-economy-through-creative-effectiveness-what-if-01-1.png]
[livespot360.com/categories/case-study/index.html]
[livespot360.com/blog/rethinking-the-attention-economy-through-creative-effectiveness/index.html]
[livespot360.com/categories/events/index.html]
[livespot360.com/categories/creative/index.html]
[livespot360.com/categories/thinking/index.html]
[livespot360.com/wp-content/uploads/2024/09/livespot-qa-with-serial-entrepreneur-and-entertainment-powerhouse-deola-art-alade-whatsapp-image-2024-09-22-at-00.04.06.jpg]
[livespot360.com/categories/creative/page/2/index.html]
[livespot360.com/categories/production/index.html]
[livespot360.com/blog/q-a-with-serial-entrepreneur-and-entertainment-powerhouse-deola-art-alade/index.html]
[livespot360.com/wp-content/uploads/2024/10/livespot-edge-awards-2024-livespot360-named-creative-solutions-company-of-the-decade-img-3398.jpg]
[livespot360.com/categories/news/index.html]
[livespot360.com/categories/ceos-desk/index.html]
[livespot360.com/categories/news/page/2/index.html]
[livespot360.com/blog/edge-awards-2024-livespot360-named-creative-solutions-company-of-the-decade/index.html]
[livespot360.com/wp-json/oembed/1.0/embed7e8b.json]
[livespot360.com/wp-json/oembed/1.0/embedb158]
[livespot360.com/blog/experience-is-the-new-metric-on-the-block/index.html]
[livespot360.com/wp-json/oembed/1.0/embed9db1.json]
[livespot360.com/wp-json/oembed/1.0/embed9bc2]
[livespot360.com/blog/ai-won-t-take-your-job-someone-who-masters-it-will/index.html]
[livespot360.com/wp-json/oembed/1.0/embed171b.json]
[livespot360.com/wp-json/oembed/1.0/embed938c]
[livespot360.com/blog/how-to-win-the-logical-war-when-your-creativity-faces-scrutiny/index.html]
[livespot360.com/wp-json/oembed/1.0/embed91e9.json]
[livespot360.com/wp-json/oembed/1.0/embed58b6]
[livespot360.com/blog/rewiring-your-creative-mindset-a-guide-to-unleashing-your-creative-potential/index.html]
[livespot360.com/wp-json/oembed/1.0/embed76bd.json]
[livespot360.com/wp-json/oembed/1.0/embedb786]
[livespot360.com/blog/your-first-idea-is-probably-trash-embracing-the-ugly-first-draft-theory/index.html]
[livespot360.com/wp-json/oembed/1.0/embed72ed.json]
[livespot360.com/wp-json/oembed/1.0/embed1bea]
[livespot360.com/blog/thinking-outside-the-box-how-to-leverage-the-whole-box-for-creative-excellence/index.html]
[livespot360.com/wp-json/oembed/1.0/embed207a.json]
[livespot360.com/wp-json/oembed/1.0/embed30cb]
[livespot360.com/blog/creativity-is-subjective-how-creatives-can-navigate-innovation-rejection-and-artistic-confidence/index.html]
[livespot360.com/wp-json/oembed/1.0/embed17d1.json]
[livespot360.com/wp-json/oembed/1.0/embedbf77]
[livespot360.com/blog/experts-warn-of-rising-burnout-and-mental-health-issues-among-creatives-amid-social-and-economic-pressures/index.html]
[livespot360.com/wp-content/uploads/2025/02/livespot-rethinking-detty-december-with-a-multi-layered-approach-dd-web-1-1024x591.png]
[livespot360.com/wp-json/oembed/1.0/embed26b0.json]
[livespot360.com/wp-json/oembed/1.0/embedc47f]
[livespot360.com/wp-content/uploads/2023/11/livespot-entertainment-week-lagos-whatsapp-image-2025-02-12-at-07.20.57-300x200.jpg]
[livespot360.com/wp-content/uploads/2023/11/livespot-entertainment-week-lagos-whatsapp-image-2025-02-12-at-07.20.09-1-300x200.jpg]
[livespot360.com/wp-content/uploads/2023/11/livespot-entertainment-week-lagos-ewlllll-300x200.jpg]
[livespot360.com/wp-content/uploads/2025/02/livespot-rethinking-detty-december-with-a-multi-layered-approach-img-6875-300x200.jpg]
[livespot360.com/wp-content/uploads/2025/02/livespot-rethinking-detty-december-with-a-multi-layered-approach-img-2480-scaled-e1740231990213-300x269.jpg]
[livespot360.com/wp-content/uploads/2025/02/livespot-rethinking-detty-december-with-a-multi-layered-approach-img-7215-scaled-e1740231134928-300x255.jpg]
[livespot360.com/wp-content/uploads/2025/02/livespot-rethinking-detty-december-with-a-multi-layered-approach-img-2431-300x200.jpg]
[livespot360.com/wp-content/uploads/2025/02/livespot-rethinking-detty-december-with-a-multi-layered-approach-img-2526-300x200.jpg]
[livespot360.com/wp-content/uploads/2025/02/livespot-rethinking-detty-december-with-a-multi-layered-approach-img-2543-300x200.jpg]
[livespot360.com/wp-content/uploads/2025/02/livespot-rethinking-detty-december-with-a-multi-layered-approach-img-7775-scaled-e1740231653170-300x263.jpg]
[livespot360.com/wp-content/uploads/2025/02/livespot-rethinking-detty-december-with-a-multi-layered-approach-img-2571-300x200.jpg]
[livespot360.com/wp-content/uploads/2025/02/livespot-rethinking-detty-december-with-a-multi-layered-approach-img-7227-300x200.jpg]
[livespot360.com/wp-content/uploads/2025/02/livespot-rethinking-detty-december-with-a-multi-layered-approach-img-7754-300x200.jpg]
[livespot360.com/blog/rethinking-detty-december-with-a-multi-layered-approach/index.html]
[livespot360.com/wp-content/uploads/2025/02/livespot-livespot360-chief-creative-officer-darey-joins-the-pitcher-awards-2025-entertainment-jury-lineup-pitcher-award-1024x591.219.d]
[livespot360.com/wp-json/oembed/1.0/embed5cd2.json]
[livespot360.com/wp-json/oembed/1.0/embed03fa]
[livespot360.com/blog/livespot360-chief-creative-officer-darey-joins-the-pitcher-awards-2025-jury-lineup/index.html]
[livespot360.com/wp-content/uploads/2023/11/livespot-entertainment-week-lagos-2023-untitled-608-1024x683.jpg]
[livespot360.com/wp-json/oembed/1.0/embedf0b1.json]
[livespot360.com/wp-json/oembed/1.0/embede555]
[livespot360.com/blog/livespot360-announces-third-annual-entertainment-week-lagos-december-10-15-2024/index.html]
[livespot360.com/wp-json/oembed/1.0/embed1bf7.json]
[livespot360.com/wp-json/oembed/1.0/embed8a9b]
[livespot360.com/blog/lagos-to-host-africa-s-biggest-entertainment-convergence-entertainment-week-lagos-ewl-2024/index.html]
[livespot360.com/index1c4a.html]
[livespot360.com/indexcaae.html]
[livespot360.com/indexcc08.html]
[livespot360.com/index728e.html]
[livespot360.com/index8348.html]
[livespot360.com/index1469.html]
[livespot360.com/index9f44.html]
[livespot360.com/indexcb89.html]
[livespot360.com/indexc7e3.html]
[livespot360.com/indexdd23.html]
[livespot360.com/index5c90.html]
[livespot360.com/window.location.html]
[livespot360.com/t,window.location.html]
[livespot360.com/this.search.html]
[livespot360.com/projects/page/3/index.html]
[livespot360.com/projects/page/2/indexbeb1.html]
[livespot360.com/projects/page/2/indexcfa8.html]
[livespot360.com/client_name/access-bank/indexbeb1.html]
[livespot360.com/client_name/access-bank/indexcfa8.html]
[livespot360.com/client_name/amazon/indexbeb1.html]
[livespot360.com/client_name/amazon/indexcfa8.html]
[livespot360.com/client_name/fenty-beauty/indexbeb1.html]
[livespot360.com/client_name/fenty-beauty/indexcfa8.html]
[livespot360.com/client_name/heineken/indexbeb1.html]
[livespot360.com/client_name/heineken/indexcfa8.html]
[livespot360.com/wp-content/uploads/2023/12/livespot-4.jpg]
[livespot360.com/client_name/livespot360/indexbeb1.html]
[livespot360.com/client_name/livespot360/indexcfa8.html]
[livespot360.com/client_name/nba/indexbeb1.html]
[livespot360.com/client_name/nba/indexcfa8.html]
[livespot360.com/client_name/netflix/indexbeb1.html]
[livespot360.com/client_name/netflix/indexcfa8.html]
[livespot360.com/client_name/nickelodeon/indexbeb1.html]
[livespot360.com/client_name/nickelodeon/indexcfa8.html]
[livespot360.com/client_name/nnpc/indexbeb1.html]
[livespot360.com/client_name/nnpc/indexcfa8.html]
[livespot360.com/client_name/other/indexbeb1.html]
[livespot360.com/client_name/other/indexcfa8.html]
[livespot360.com/client_name/showmax/indexbeb1.html]
[livespot360.com/client_name/showmax/indexcfa8.html]
[livespot360.com/client_name/stanbic-ibtc/indexbeb1.html]
[livespot360.com/client_name/stanbic-ibtc/indexcfa8.html]
[livespot360.com/client_name/tdafrica/indexbeb1.html]
[livespot360.com/client_name/tdafrica/indexcfa8.html]
[livespot360.com/portfolio_category/digitech/indexbeb1.html]
[livespot360.com/portfolio_category/digitech/indexcfa8.html]
[livespot360.com/portfolio_category/engage/indexbeb1.html]
[livespot360.com/portfolio_category/engage/indexcfa8.html]
[livespot360.com/portfolio_category/production/indexbeb1.html]
[livespot360.com/portfolio_category/production/indexcfa8.html]
[livespot360.com/portfolio_category/x/indexbeb1.html]
[livespot360.com/portfolio_category/x/indexcfa8.html]
[livespot360.com/index3ba2.html]
[livespot360.com/indexbfe5.html]
[livespot360.com/index6a11.html]
[livespot360.com/index912b.html]
[livespot360.com/index3ee1.html]
[livespot360.com/index8569.html]
[livespot360.com/indexfd2c.html]
[livespot360.com/index91e6.html]
[livespot360.com/indexb86d.html]
[livespot360.com/index3dd1.html]
[livespot360.com/index1b7d.html]
[livespot360.com/index3dea.html]
[livespot360.com/index2dee.html]
[livespot360.com/index5628.html]
[livespot360.com/indexb87d.html]
[livespot360.com/index83ef.html]
[livespot360.com/index8e0b.html]
[livespot360.com/wp-json/oembed/1.0/embed23db.json]
[livespot360.com/wp-json/oembed/1.0/embede05e]
[livespot360.com/wp-content/uploads/2024/09/livespot-rethinking-the-attention-economy-through-creative-effectiveness-what-if-03-300x300.png]
[livespot360.com/wp-content/uploads/2024/09/livespot-rethinking-the-attention-economy-through-creative-effectiveness-what-if-05-300x300.png]
[livespot360.com/blog/rethinking-the-attention-economy-through-creative-effectiveness/index.html]
[livespot360.com/categories/creative/page/2/index.html]
[livespot360.com/wp-json/oembed/1.0/embedb89a.json]
[livespot360.com/wp-json/oembed/1.0/embed86bd]
[livespot360.com/blog/q-a-with-serial-entrepreneur-and-entertainment-powerhouse-deola-art-alade/index.html]
[livespot360.com/categories/news/page/2/index.html]
[livespot360.com/wp-json/oembed/1.0/embedb5b4.json]
[livespot360.com/wp-json/oembed/1.0/embed3c91]
[livespot360.com/blog/edge-awards-2024-livespot360-named-creative-solutions-company-of-the-decade/index.html]
[livespot360.com/index5b92.html]
[livespot360.com/indexebfe.html]
[livespot360.com/index1e78.html]
[livespot360.com/indexde27.html]
[livespot360.com/indexe78a.html]
[livespot360.com/index66cc.html]
[livespot360.com/indexc1a5.html]
[livespot360.com/index9c7a.html]
[livespot360.com/index7a41.html]
[livespot360.com/indexa19d.html]
[livespot360.com/indexe7e4.html]
[livespot360.com/indexb4f0.html]
[livespot360.com/projects/page/3/indexbeb1.html]
[livespot360.com/projects/page/3/indexcfa8.html]
[livespot360.com/index1bad.html]
[livespot360.com/indexb4b6.html]
[livespot360.com/index664d.html]
